INFO:root:[[[198 200 200]
  [199 201 201]
  [199 201 201]
  ...
  [103 113 113]
  [102 112 112]
  [101 111 111]]

 [[199 201 201]
  [199 201 201]
  [199 201 201]
  ...
  [104 114 114]
  [103 113 113]
  [102 112 112]]

 [[199 201 201]
  [199 201 201]
  [199 201 201]
  ...
  [104 114 114]
  [103 113 113]
  [102 112 112]]

 ...

 [[  3  36  21]
  [  1  34  19]
  [  0  32  17]
  ...
  [214 201 199]
  [213 200 198]
  [214 201 199]]

 [[  4  37  22]
  [  2  35  20]
  [  1  34  19]
  ...
  [214 201 199]
  [212 199 197]
  [212 199 197]]

 [[  3  36  21]
  [  2  35  20]
  [  1  34  19]
  ...
  [214 201 199]
  [214 199 197]
  [213 198 196]]]
INFO:root:[[[255 255 243]
  [246 250 238]
  [220 228 218]
  ...
  [221 235 233]
  [219 236 233]
  [217 234 231]]

 [[252 255 240]
  [243 247 235]
  [233 241 231]
  ...
  [218 235 232]
  [218 235 232]
  [215 232 229]]

 [[255 255 241]
  [248 251 236]
  [234 240 229]
  ...
  [220 237 234]
  [218 235 232]
  [214 233 230]]

 ...

 [[ 91  79  67]
  [ 90  78  66]
  [ 90  78  66]
  ...
  [ 77  46  31]
  [ 76  46  29]
  [ 71  41  24]]

 [[ 91  79  67]
  [ 90  78  66]
  [ 90  78  66]
  ...
  [ 60  32  21]
  [ 59  32  18]
  [ 55  30  14]]

 [[ 90  78  66]
  [ 90  78  66]
  [ 90  78  66]
  ...
  [ 50  24  12]
  [ 49  25  13]
  [ 47  24   9]]]
INFO:root:[[200 201 201 ... 112 111 110]
 [201 201 201 ... 113 112 111]
 [201 201 201 ... 113 112 111]
 ...
 [ 28  26  24 ... 202 201 202]
 [ 29  27  26 ... 202 200 200]
 [ 28  27  26 ... 202 200 199]]
INFO:root:[[253 246 224 ... 233 233 231]
 [250 243 237 ... 232 232 229]
 [252 246 236 ... 234 232 230]
 ...
 [ 77  76  76 ...  45  44  39]
 [ 77  76  76 ...  32  31  28]
 [ 76  76  76 ...  23  24  22]]
INFO:root:[[200 201 201 ... 112 111 110]
 [201 201 201 ... 113 112 111]
 [201 201 201 ... 113 112 111]
 ...
 [ 28  26  24 ... 202 201 202]
 [ 29  27  26 ... 202 200 200]
 [ 28  27  26 ... 202 200 199]]
INFO:root:[[253 246 224 ... 233 233 231]
 [250 243 237 ... 232 232 229]
 [252 246 236 ... 234 232 230]
 ...
 [ 77  76  76 ...  45  44  39]
 [ 77  76  76 ...  32  31  28]
 [ 76  76  76 ...  23  24  22]]
